// Jest Snapshot v1, https://goo.gl/fbAQLP

exports[`Should ReviewForm render correctly 1`] = `
<form
  action="#"
  className="reviews__form form"
  method="post"
  onSubmit={[Function]}
>
  <label
    className="reviews__label form__label"
    htmlFor="review"
  >
    Your review
  </label>
  <div
    className="reviews__rating-form form__rating"
  >
    <input
      checked={false}
      className="form__rating-input visually-hidden"
      id="perfect"
      name="rating"
      onChange={[Function]}
      type="radio"
      value="5"
    />
    <label
      className="reviews__rating-label form__rating-label"
      htmlFor="perfect"
      title="perfect"
    >
      <svg
        className="form__star-image"
        height={33}
        width={37}
      >
        <use
          xlinkHref="#icon-star"
        />
      </svg>
    </label>
    <input
      checked={false}
      className="form__rating-input visually-hidden"
      id="good"
      name="rating"
      onChange={[Function]}
      type="radio"
      value="4"
    />
    <label
      className="reviews__rating-label form__rating-label"
      htmlFor="good"
      title="good"
    >
      <svg
        className="form__star-image"
        height={33}
        width={37}
      >
        <use
          xlinkHref="#icon-star"
        />
      </svg>
    </label>
    <input
      checked={false}
      className="form__rating-input visually-hidden"
      id="not bad"
      name="rating"
      onChange={[Function]}
      type="radio"
      value="3"
    />
    <label
      className="reviews__rating-label form__rating-label"
      htmlFor="not bad"
      title="not bad"
    >
      <svg
        className="form__star-image"
        height={33}
        width={37}
      >
        <use
          xlinkHref="#icon-star"
        />
      </svg>
    </label>
    <input
      checked={false}
      className="form__rating-input visually-hidden"
      id="badly"
      name="rating"
      onChange={[Function]}
      type="radio"
      value="2"
    />
    <label
      className="reviews__rating-label form__rating-label"
      htmlFor="badly"
      title="badly"
    >
      <svg
        className="form__star-image"
        height={33}
        width={37}
      >
        <use
          xlinkHref="#icon-star"
        />
      </svg>
    </label>
    <input
      checked={false}
      className="form__rating-input visually-hidden"
      id="terribly"
      name="rating"
      onChange={[Function]}
      type="radio"
      value="1"
    />
    <label
      className="reviews__rating-label form__rating-label"
      htmlFor="terribly"
      title="terribly"
    >
      <svg
        className="form__star-image"
        height={33}
        width={37}
      >
        <use
          xlinkHref="#icon-star"
        />
      </svg>
    </label>
  </div>
  <textarea
    className="reviews__textarea form__textarea"
    id="review"
    name="review"
    onChange={[Function]}
    placeholder="Tell how was your stay, what you like and what can be improved"
    value=""
  />
  <div
    className="reviews__button-wrapper"
  >
    <p
      className="reviews__help"
    >
      To submit review please make sure to set
      <span
        className="reviews__star"
      >
        rating
      </span>
      and describe your stay with at least
      <b
        className="reviews__text-amount"
      >
        50 characters
      </b>
      .
    </p>
    <button
      className="reviews__submit form__submit button"
      disabled=""
      type="submit"
    >
      Submit
    </button>
  </div>
</form>
`;
