// Jest Snapshot v1, https://goo.gl/fbAQLP

exports[`Header component test Should render Header correctly if AUTH 1`] = `
<header
  className="header"
>
  <div
    className="container"
  >
    <div
      className="header__wrapper"
    >
      <div
        className="header__left"
      >
        <a
          className="header__logo-link"
          href="/"
          onClick={[Function]}
        >
          <img
            alt="6 cities logo"
            className="header__logo"
            height={41}
            src="img/logo.svg"
            width={81}
          />
        </a>
      </div>
      <nav
        className="header__nav"
      >
        <ul
          className="header__nav-list"
        >
          <li
            className="header__nav-item user"
          >
            <a
              className="header__nav-link header__nav-link--profile"
              href="/favorites"
              onClick={[Function]}
            >
              <div
                className="header__avatar-wrapper user__avatar-wrapper"
                style={
                  Object {
                    "backgroundImage": "url(https://assets.htmlacademy.ru/intensives/javascript-3/avatar/1.jpg)",
                  }
                }
              />
              <span
                className="header__user-name user__name"
              >
                qwerty@qwerty.ru
              </span>
            </a>
          </li>
        </ul>
        <div
          className="header__signout"
        >
          <button
            className="header__signout-button"
            onClick={[Function]}
            title="Sign out"
            type="button"
          >
            <span
              className="header__signout-button-icon"
            />
          </button>
        </div>
      </nav>
    </div>
  </div>
</header>
`;

exports[`Header component test Should render Header correctly if NO_AUTH 1`] = `
<header
  className="header"
>
  <div
    className="container"
  >
    <div
      className="header__wrapper"
    >
      <div
        className="header__left"
      >
        <a
          className="header__logo-link"
          href="/"
          onClick={[Function]}
        >
          <img
            alt="6 cities logo"
            className="header__logo"
            height={41}
            src="img/logo.svg"
            width={81}
          />
        </a>
      </div>
      <nav
        className="header__nav"
      >
        <ul
          className="header__nav-list"
        >
          <li
            className="header__nav-item user"
          >
            <a
              className="header__nav-link header__nav-link--profile"
              href="/favorites"
              onClick={[Function]}
            >
              <div
                className="header__avatar-wrapper user__avatar-wrapper"
                style={
                  Object {
                    "backgroundImage": "url(https://assets.htmlacademy.ru/intensives/javascript-3/avatar/1.jpg)",
                  }
                }
              />
              <span
                className="header__user-name user__name"
              >
                qwerty@qwerty.ru
              </span>
            </a>
          </li>
        </ul>
        <div
          className="header__signout"
        >
          <button
            className="header__signout-button"
            onClick={[Function]}
            title="Sign out"
            type="button"
          >
            <span
              className="header__signout-button-icon"
            />
          </button>
        </div>
      </nav>
    </div>
  </div>
</header>
`;
