// Jest Snapshot v1, https://goo.gl/fbAQLP

exports[`PageLoading component test Should render PageLoading correctly 1`] = `
<div
  className="container"
>
  <h1>
    Loading...
  </h1>
</div>
`;
