// Jest Snapshot v1, https://goo.gl/fbAQLP

exports[`Should OfferBookmarkBtn render correctly Should OfferBookmarkBtn render correctly if AuthStatus.AUTH 1`] = `
<button
  className="place-card__bookmark-button button"
  onClick={[Function]}
  type="button"
>
  <svg
    className="place-card__bookmark-icon"
    height={19}
    width={18}
  >
    <use
      xlinkHref="#icon-bookmark"
    />
  </svg>
  <span
    className="visually-hidden"
  >
    To
     bookmarks
  </span>
</button>
`;

exports[`Should OfferBookmarkBtn render correctly Should OfferBookmarkBtn render correctly if AuthStatus.NO_AUTH 1`] = `
<button
  className="place-card__bookmark-button button"
  onClick={[Function]}
  type="button"
>
  <svg
    className="place-card__bookmark-icon"
    height={19}
    width={18}
  >
    <use
      xlinkHref="#icon-bookmark"
    />
  </svg>
  <span
    className="visually-hidden"
  >
    To
     bookmarks
  </span>
</button>
`;
