// Jest Snapshot v1, https://goo.gl/fbAQLP

exports[`Should PageError render correctly 1`] = `
<div
  className="container"
>
  <h1>
    Network error...
  </h1>
</div>
`;
