// Jest Snapshot v1, https://goo.gl/fbAQLP

exports[`Should Review render correctly 1`] = `
<li
  className="reviews__item"
>
  <div
    className="reviews__user user"
  >
    <div
      className="reviews__avatar-wrapper user__avatar-wrapper"
    >
      <img
        alt="Reviews avatar"
        className="reviews__avatar user__avatar"
        height={54}
        src="https://assets.htmlacademy.ru/intensives/javascript-3/avatar/1.jpg"
        width={54}
      />
    </div>
    <span
      className="reviews__user-name"
    >
      Qwerty
    </span>
  </div>
  <div
    className="reviews__info"
  >
    <div
      className="reviews__rating rating"
    >
      <div
        className="reviews__stars rating__stars"
      >
        <span
          style={
            Object {
              "width": "100%",
            }
          }
        />
        <span
          className="visually-hidden"
        >
          Rating
        </span>
      </div>
    </div>
    <p
      className="reviews__text"
    >
      What an amazing view! The house is stunning and in an amazing location.
    </p>
    <time
      className="reviews__time"
      dateTime={2020-11-23T21:00:00.000Z}
    >
      November 2020
    </time>
  </div>
</li>
`;
