// Jest Snapshot v1, https://goo.gl/fbAQLP

exports[`withToggle component test Should render withToggle correctly if isToggleActive false 1`] = `<div />`;

exports[`withToggle component test Should render withToggle correctly if isToggleActive true 1`] = `<div />`;
